
Note: No compatibility mode selected!


Circuit: * sp01: vbat divider accuracy and adc input range

binary raw file "/home/reverier/Code/Hardware/KeysDock/hardware/spice/results/SP01.raw"
Doing analysis at TEMP = 27.000000 and TNOM = 27.000000

Using SPARSE 1.3 as Direct Linear Solver
No. of Data Columns : 4  

No. of Data Rows : 16
No. of Data Columns : 3  

No. of Data Rows : 1
.print line ignored since rawfile was produced.

Total analysis time (seconds) = 0.000110308

Total elapsed time (seconds) = 0.001 

Total DRAM available = 31708.289 MB.
DRAM currently available = 10360.086 MB.
Maximum ngspice program size =   19.836 MB.
Current ngspice program size =   11.871 MB.

Shared ngspice pages =   10.082 MB.
Text (code) pages =    6.449 MB.
Stack = 0 bytes.
Library pages =    1.887 MB.

