
Note: No compatibility mode selected!


Circuit: * sp03: tps62142 buck regulation, load transient, and inrush

binary raw file "/home/reverier/Code/Hardware/KeysDock/hardware/spice/results/SP03.raw"
Doing analysis at TEMP = 27.000000 and TNOM = 27.000000

Using SPARSE 1.3 as Direct Linear Solver
No. of Data Columns : 6  

Initial Transient Solution
--------------------------

Node                                   Voltage
----                                   -------
vin                                        4.4
vreg                                         0
vout                                         0
vbuck#branch                                 0
vin#branch                                   0


No. of Data Rows : 70040
.print line ignored since rawfile was produced.

Total analysis time (seconds) = 0.0865623

Total elapsed time (seconds) = 0.090 

Total DRAM available = 31708.285 MB.
DRAM currently available = 1008.422 MB.
Maximum ngspice program size =   19.832 MB.
Current ngspice program size =   12.117 MB.

Shared ngspice pages =   10.320 MB.
Text (code) pages =    6.449 MB.
Stack = 0 bytes.
Library pages =    1.883 MB.

