
Note: No compatibility mode selected!


Circuit: * sp05: xl4067ts mux crosstalk between adjacent channels

binary raw file "/home/reverier/Code/Hardware/KeysDock/hardware/spice/results/SP05.raw"
Doing analysis at TEMP = 27.000000 and TNOM = 27.000000

Using SPARSE 1.3 as Direct Linear Solver
No. of Data Columns : 22  

Initial Transient Solution
--------------------------

Node                                   Voltage
----                                   -------
vdd                                        3.3
s0                                        1.65
s1                                        1.65
eb                                           0
a0                                           0
a1                                           0
a2                                           0
a3                                           0
com                                    1.64967
g0_int1                            1.65132e-06
g1_int1                            1.65132e-09
bg1#branch                                   0
bg0#branch                                   0
va3#branch                                   0
va2#branch                                   0
va1#branch                                   0
va0#branch                                   0
ven#branch                                   0
v1#branch                         -1.65132e-06
v0#branch                         -1.65132e-06
v3v3#branch                                  0


No. of Data Rows : 508
.print line ignored since rawfile was produced.

Total analysis time (seconds) = 0.000867171

Total elapsed time (seconds) = 0.002 

Total DRAM available = 31708.289 MB.
DRAM currently available = 10352.688 MB.
Maximum ngspice program size =   19.961 MB.
Current ngspice program size =   12.195 MB.

Shared ngspice pages =   10.383 MB.
Text (code) pages =    6.449 MB.
Stack = 0 bytes.
Library pages =    2.012 MB.

