
Note: No compatibility mode selected!


Circuit: * sp06: ground noise coupling across gnda/gndd split and nettie

binary raw file "/home/reverier/Code/Hardware/KeysDock/hardware/spice/results/SP06.raw"
Doing analysis at TEMP = 27.000000 and TNOM = 27.000000

Using SPARSE 1.3 as Direct Linear Solver
No. of Data Columns : 7  

Initial Transient Solution
--------------------------

Node                                   Voltage
----                                   -------
gndd                                         0
gnda                               3.26733e-09
ref                                        3.3
ain                                    3.26733
lret#branch                        3.26733e-06
vref#branch                       -3.26733e-06


No. of Data Rows : 50027
.print line ignored since rawfile was produced.

Total analysis time (seconds) = 0.0678225

Total elapsed time (seconds) = 0.070 

Total DRAM available = 31708.289 MB.
DRAM currently available = 10351.121 MB.
Maximum ngspice program size =   19.836 MB.
Current ngspice program size =   11.855 MB.

Shared ngspice pages =   10.062 MB.
Text (code) pages =    6.449 MB.
Stack = 0 bytes.
Library pages =    1.887 MB.

