
Note: No compatibility mode selected!


Circuit: * sp10: usb d+/d- esd clamping (tpd4e05u06 behavioral model)

binary raw file "/home/reverier/Code/Hardware/KeysDock/hardware/spice/results/SP10.raw"
Doing analysis at TEMP = 27.000000 and TNOM = 27.000000

Using SPARSE 1.3 as Direct Linear Solver
No. of Data Columns : 4  

Initial Transient Solution
--------------------------

Node                                   Voltage
----                                   -------
src                                          0
dp                                 9.40791e-29
vesd#branch                        4.27632e-30


No. of Data Rows : 426
.print line ignored since rawfile was produced.

Total analysis time (seconds) = 0.000599129

Total elapsed time (seconds) = 0.002 

Total DRAM available = 31708.289 MB.
DRAM currently available = 10347.578 MB.
Maximum ngspice program size =   19.836 MB.
Current ngspice program size =   12.000 MB.

Shared ngspice pages =   10.215 MB.
Text (code) pages =    6.449 MB.
Stack = 0 bytes.
Library pages =    1.887 MB.

