
Note: No compatibility mode selected!


Circuit: * sp11: tla2518 adc sampling acquisition error vs source impedance

binary raw file "/home/reverier/Code/Hardware/KeysDock/hardware/spice/results/SP11.raw"
Doing analysis at TEMP = 27.000000 and TNOM = 27.000000

Using SPARSE 1.3 as Direct Linear Solver
No. of Data Columns : 11  

Initial Transient Solution
--------------------------

Node                                   Voltage
----                                   -------
vin                                          2
adc_in                                       2
xs1.samp_node                                2
xs1.g1_int1                       -8.47033e-22
samp                                         0
adc_code                                     2
b.xs1.bdout#branch                           0
b.xs1.bg1#branch                             0
vsamp#branch                                 0
vin#branch                        -4.33681e-19


No. of Data Rows : 3020
.print line ignored since rawfile was produced.

Total analysis time (seconds) = 0.00429717

Total elapsed time (seconds) = 0.005 

Total DRAM available = 31708.289 MB.
DRAM currently available = 10349.711 MB.
Maximum ngspice program size =   19.836 MB.
Current ngspice program size =   12.125 MB.

Shared ngspice pages =   10.328 MB.
Text (code) pages =    6.449 MB.
Stack = 0 bytes.
Library pages =    1.887 MB.

