
Note: No compatibility mode selected!


Circuit: * sp12: led load-switch inrush and current budget

binary raw file "/home/reverier/Code/Hardware/KeysDock/hardware/spice/results/SP12.raw"
Doing analysis at TEMP = 27.000000 and TNOM = 27.000000

Using SPARSE 1.3 as Direct Linear Solver
No. of Data Columns : 15  

Initial Transient Solution
--------------------------

Node                                   Voltage
----                                   -------
src                                          0
vin                               -7.88317e-24
xu6.en_int                                 3.3
on                                           0
xu6.vout_ctrl                              3.3
vout                              -1.26131e-23
xu6.gout_int1                     -7.88317e-23
xu6.rev_flag                               3.3
xled.gchain_int1                             0
b.xled.bgchain#branch                        0
b.xu6.brev#branch                            0
b.xu6.bgout#branch                           0
b.xu6.ben#branch                             0
v3v3ramp#branch                   -7.88317e-23


No. of Data Rows : 50018
.print line ignored since rawfile was produced.

Total analysis time (seconds) = 0.161775

Total elapsed time (seconds) = 0.165 

Total DRAM available = 31708.289 MB.
DRAM currently available = 10355.348 MB.
Maximum ngspice program size =   19.965 MB.
Current ngspice program size =   12.289 MB.

Shared ngspice pages =   10.445 MB.
Text (code) pages =    6.449 MB.
Stack = 0 bytes.
Library pages =    2.016 MB.

