
Note: No compatibility mode selected!


Circuit: * sp13: vbat ripple and schottky d1 behavior

binary raw file "/home/reverier/Code/Hardware/KeysDock/hardware/spice/results/SP13.raw"
Doing analysis at TEMP = 27.000000 and TNOM = 27.000000

Using SPARSE 1.3 as Direct Linear Solver
No. of Data Columns : 4  

Initial Transient Solution
--------------------------

Node                                   Voltage
----                                   -------
bat                                        3.7
sys                                    3.34839
vbat#branch                         -0.0669678


No. of Data Rows : 508
.print line ignored since rawfile was produced.

Total analysis time (seconds) = 0.000625902

Total elapsed time (seconds) = 0.001 

Total DRAM available = 31708.289 MB.
DRAM currently available = 10353.258 MB.
Maximum ngspice program size =   19.836 MB.
Current ngspice program size =   12.160 MB.

Shared ngspice pages =   10.359 MB.
Text (code) pages =    6.449 MB.
Stack = 0 bytes.
Library pages =    1.887 MB.

