
Note: No compatibility mode selected!


Circuit: * sp16: bq24074 ts bias compliance

binary raw file "/home/reverier/Code/Hardware/KeysDock/hardware/spice/results/SP16.raw"
Doing analysis at TEMP = 27.000000 and TNOM = 27.000000

Using SPARSE 1.3 as Direct Linear Solver
No. of Data Columns : 45  

No. of Data Rows : 16
No. of Data Columns : 44  

No. of Data Rows : 1
.print line ignored since rawfile was produced.

Total analysis time (seconds) = 0.00036688

Total elapsed time (seconds) = 0.001 

Total DRAM available = 31708.285 MB.
DRAM currently available = 1005.922 MB.
Maximum ngspice program size =   19.965 MB.
Current ngspice program size =   12.074 MB.

Shared ngspice pages =   10.148 MB.
Text (code) pages =    6.449 MB.
Stack = 0 bytes.
Library pages =    2.016 MB.

